--- Startup times for process: Primary (or UI client) ---

times in msec
 clock   self+sourced   self:  sourced script
 clock   elapsed:              other lines

000.000  000.000: --- NVIM STARTING ---
000.158  000.158: event init
000.247  000.089: early init
000.287  000.040: locale set
000.329  000.043: init first window
000.734  000.404: inits 1
000.745  000.011: window checked
000.751  000.006: parsing arguments
001.300  000.055  000.055: require('vim._core.shared')
001.375  000.004  000.004: require('string.buffer')
001.406  000.052  000.049: require('vim.inspect')
001.457  000.042  000.042: require('vim._core.options')
001.459  000.155  000.061: require('vim._core.editor')
001.498  000.037  000.037: require('vim._core.system')
001.499  000.284  000.037: require('vim._init_packages')
001.501  000.465: init lua interpreter
002.690  001.189: nvim_ui_attach
003.097  000.407: nvim_set_client_info
003.101  000.004: --- NVIM STARTED ---

--- Startup times for process: Embedded ---

times in msec
 clock   self+sourced   self:  sourced script
 clock   elapsed:              other lines

000.001  000.001: --- NVIM STARTING ---
000.225  000.224: event init
000.349  000.124: early init
000.423  000.074: locale set
000.481  000.058: init first window
001.091  000.610: inits 1
001.131  000.040: window checked
001.139  000.008: parsing arguments
002.089  000.092  000.092: require('vim._core.shared')
002.189  000.004  000.004: require('string.buffer')
002.230  000.068  000.064: require('vim.inspect')
002.296  000.053  000.053: require('vim._core.options')
002.299  000.203  000.082: require('vim._core.editor')
002.355  000.055  000.055: require('vim._core.system')
002.357  000.399  000.050: require('vim._init_packages')
002.359  000.822: init lua interpreter
002.442  000.083: expanding arguments
002.477  000.035: inits 2
002.807  000.330: init highlight
002.809  000.002: waiting for UI
002.980  000.171: done waiting for UI
002.997  000.017: clear screen
003.308  000.022  000.022: require('vim.keymap')
004.872  000.165  000.165: sourcing nvim_exec2()
004.939  000.033  000.033: require('vim._core.log')
007.098  004.095  003.876: require('vim._core.defaults')
007.106  000.014: init default mappings & autocommands
007.757  000.091  000.091: sourcing /usr/share/nvim/runtime/ftplugin.vim
007.851  000.045  000.045: sourcing /usr/share/nvim/runtime/indent.vim
008.059  000.119  000.119: sourcing /usr/share/nvim/archlinux.lua
008.070  000.170  000.051: sourcing /etc/xdg/nvim/sysinit.vim
008.445  000.054  000.054: require('vim.fs')
009.265  000.810  000.810: require('vim.uri')
009.313  000.989  000.125: require('vim.loader')
011.633  000.015  000.015: require('vim.F')
011.761  000.826  000.811: require('vim.diagnostic')
011.771  002.322  001.496: require('config.options')
013.219  001.445  001.445: require('config.theme')
013.673  000.439  000.439: require('config.autocmd')
015.429  001.747  001.747: require('config.mappings')
016.015  000.577  000.577: require('lazy')
017.540  001.338  001.338: require('ffi')
017.919  000.356  000.356: require('lazy.stats')
018.144  000.176  000.176: require('lazy.core.util')
018.340  000.189  000.189: require('lazy.core.config')
018.628  000.125  000.125: require('lazy.core.handler')
019.089  000.209  000.209: require('lazy.pkg')
019.101  000.319  000.110: require('lazy.core.meta')
019.111  000.478  000.160: require('lazy.core.plugin')
019.125  000.779  000.176: require('lazy.core.loader')
020.092  000.404  000.404: require('lazy.core.fragments')
030.733  000.470  000.470: require('lazy.core.handler.event')
030.756  000.738  000.269: require('lazy.core.handler.ft')
031.248  000.461  000.461: require('lazy.core.handler.keys')
031.426  000.164  000.164: require('lazy.core.handler.cmd')
032.606  000.017  000.017: sourcing nvim_exec2() called at /home/lanre/dotfiles/nvim/.config/nvim/init.lua:0
032.647  000.004  000.004: sourcing nvim_exec2() called at /home/lanre/dotfiles/nvim/.config/nvim/init.lua:0
033.425  000.014  000.014: sourcing nvim_exec2() called at /home/lanre/dotfiles/nvim/.config/nvim/init.lua:0
033.465  000.004  000.004: sourcing nvim_exec2() called at /home/lanre/dotfiles/nvim/.config/nvim/init.lua:0
034.444  000.009  000.009: sourcing nvim_exec2() called at /home/lanre/dotfiles/nvim/.config/nvim/init.lua:0
034.474  000.002  000.002: sourcing nvim_exec2() called at /home/lanre/dotfiles/nvim/.config/nvim/init.lua:0
034.741  000.005  000.005: sourcing nvim_exec2() called at /home/lanre/dotfiles/nvim/.config/nvim/init.lua:0
034.871  000.024  000.024: sourcing /home/lanre/.local/share/nvim/lazy/ron.vim/ftdetect/ron.vim
034.882  000.084  000.060: sourcing nvim_exec2() called at /home/lanre/dotfiles/nvim/.config/nvim/init.lua:0
034.892  000.002  000.002: sourcing nvim_exec2() called at /home/lanre/dotfiles/nvim/.config/nvim/init.lua:0
035.588  000.394  000.394: sourcing nvim_exec2() called at /usr/share/nvim/runtime/filetype.lua:0
035.598  000.566  000.172: sourcing /usr/share/nvim/runtime/filetype.lua
035.605  000.608  000.042: sourcing nvim_exec2() called at /home/lanre/dotfiles/nvim/.config/nvim/init.lua:0
035.880  000.005  000.005: sourcing nvim_exec2() called at /home/lanre/dotfiles/nvim/.config/nvim/init.lua:0
035.894  000.002  000.002: sourcing nvim_exec2() called at /home/lanre/dotfiles/nvim/.config/nvim/init.lua:0
036.919  000.907  000.907: require('catppuccin')
037.596  000.053  000.053: require('vim._async')
037.611  000.300  000.247: require('vim.pack')
037.965  000.147  000.147: require('vim.iter')
042.006  004.807  004.361: require('catppuccin.lib.detect_integrations')
042.268  000.248  000.248: require('catppuccin.utils.integration_mappings')
042.728  000.146  000.146: require('catppuccin.lib.hashing')
043.035  007.133  001.025: require('plugins.config.colorscheme')
047.372  003.276  003.276: sourcing /home/lanre/.local/share/nvim/lazy/catppuccin/colors/catppuccin.lua
049.275  000.253  000.253: require('vim.treesitter.language')
049.394  000.102  000.102: require('vim.func')
049.560  000.160  000.160: require('vim.treesitter._range')
049.770  000.194  000.194: require('vim.func._memoize')
049.877  001.220  000.511: require('vim.treesitter.query')
049.936  001.629  000.410: require('vim.treesitter.languagetree')
049.955  001.962  000.333: require('vim.treesitter')
050.494  002.757  000.795: sourcing /home/lanre/.local/share/nvim/lazy/nvim-treesitter/plugin/filetypes.lua
050.510  002.838  000.081: sourcing nvim_exec2() called at /home/lanre/dotfiles/nvim/.config/nvim/init.lua:0
050.739  000.144  000.144: sourcing /home/lanre/.local/share/nvim/lazy/nvim-treesitter/plugin/nvim-treesitter.lua
050.747  000.215  000.071: sourcing nvim_exec2() called at /home/lanre/dotfiles/nvim/.config/nvim/init.lua:0
050.968  000.175  000.175: sourcing /home/lanre/.local/share/nvim/lazy/nvim-treesitter/plugin/query_predicates.lua
050.976  000.217  000.042: sourcing nvim_exec2() called at /home/lanre/dotfiles/nvim/.config/nvim/init.lua:0
050.990  000.006  000.006: sourcing nvim_exec2() called at /home/lanre/dotfiles/nvim/.config/nvim/init.lua:0
051.020  000.002  000.002: sourcing nvim_exec2() called at /home/lanre/dotfiles/nvim/.config/nvim/init.lua:0
053.756  000.883  000.883: sourcing /usr/share/nvim/runtime/plugin/editorconfig.lua
053.777  000.959  000.076: sourcing nvim_exec2() called at /home/lanre/dotfiles/nvim/.config/nvim/init.lua:0
053.900  000.031  000.031: sourcing /usr/share/nvim/runtime/plugin/gzip.vim
053.910  000.083  000.052: sourcing nvim_exec2() called at /home/lanre/dotfiles/nvim/.config/nvim/init.lua:0
054.328  000.376  000.376: sourcing /usr/share/nvim/runtime/plugin/man.lua
054.338  000.413  000.037: sourcing nvim_exec2() called at /home/lanre/dotfiles/nvim/.config/nvim/init.lua:0
054.405  000.023  000.023: sourcing /usr/share/nvim/runtime/plugin/matchit.vim
054.412  000.062  000.038: sourcing nvim_exec2() called at /home/lanre/dotfiles/nvim/.config/nvim/init.lua:0
054.703  000.231  000.231: sourcing /usr/share/nvim/runtime/plugin/matchparen.vim
054.711  000.264  000.033: sourcing nvim_exec2() called at /home/lanre/dotfiles/nvim/.config/nvim/init.lua:0
055.269  000.500  000.500: sourcing /usr/share/nvim/runtime/plugin/net.lua
055.278  000.537  000.036: sourcing nvim_exec2() called at /home/lanre/dotfiles/nvim/.config/nvim/init.lua:0
055.348  000.020  000.020: sourcing /usr/share/nvim/runtime/plugin/netrwPlugin.vim
055.357  000.060  000.040: sourcing nvim_exec2() called at /home/lanre/dotfiles/nvim/.config/nvim/init.lua:0
056.839  001.440  001.440: sourcing /usr/share/nvim/runtime/plugin/osc52.lua
056.856  001.485  000.045: sourcing nvim_exec2() called at /home/lanre/dotfiles/nvim/.config/nvim/init.lua:0
057.201  000.276  000.276: sourcing /usr/share/nvim/runtime/plugin/rplugin.vim
057.211  000.333  000.057: sourcing nvim_exec2() called at /home/lanre/dotfiles/nvim/.config/nvim/init.lua:0
057.444  000.183  000.183: sourcing /usr/share/nvim/runtime/plugin/shada.lua
057.454  000.224  000.041: sourcing nvim_exec2() called at /home/lanre/dotfiles/nvim/.config/nvim/init.lua:0
057.579  000.071  000.071: sourcing /usr/share/nvim/runtime/plugin/spellfile.lua
057.654  000.185  000.115: sourcing nvim_exec2() called at /home/lanre/dotfiles/nvim/.config/nvim/init.lua:0
057.960  000.034  000.034: sourcing /usr/share/nvim/runtime/plugin/tarPlugin.vim
057.974  000.095  000.060: sourcing nvim_exec2() called at /home/lanre/dotfiles/nvim/.config/nvim/init.lua:0
058.072  000.041  000.041: sourcing /usr/share/nvim/runtime/plugin/tutor.vim
058.080  000.091  000.050: sourcing nvim_exec2() called at /home/lanre/dotfiles/nvim/.config/nvim/init.lua:0
058.159  000.028  000.028: sourcing /usr/share/nvim/runtime/plugin/zipPlugin.vim
058.169  000.075  000.047: sourcing nvim_exec2() called at /home/lanre/dotfiles/nvim/.config/nvim/init.lua:0
058.383  050.242  018.807: sourcing /home/lanre/.config/nvim/init.lua
058.403  000.749: sourcing vimrc file(s)
058.586  000.081  000.081: sourcing /usr/share/nvim/runtime/filetype.lua
058.896  000.120  000.120: sourcing /usr/share/nvim/runtime/syntax/synload.vim
059.019  000.343  000.223: sourcing /usr/share/nvim/runtime/syntax/syntax.vim
059.037  000.209: inits 3
059.896  000.859: reading ShaDa
059.991  000.095: opening buffers
060.026  000.004  000.004: sourcing nvim_exec2() called at BufEnter Autocommands for "*":0
060.054  000.059: BufEnter autocommands
060.056  000.003: editing files in windows
060.065  000.008: --- NVIM STARTED ---

